// Jest Snapshot v1, https://goo.gl/fbAQLP

exports[`Typography should render with correct variant styles 1`] = `
<Text
  style={
    Object {
      "color": "#000000",
      "fontFamily": "circular_std_bold",
      "fontSize": 36,
      "fontStyle": "normal",
      "lineHeight": 40,
      "marginBottom": 0,
      "textAlign": "left",
      "textTransform": "none",
    }
  }
  testID="Typography_h1"
/>
`;
